// Jest Snapshot v1, https://goo.gl/fbAQLP

exports[`renders learn react link 1`] = `
<div>
  <main
    class="home container"
  >
    <img
      alt="logo"
      class="logo"
      src="logo.svg"
    />
    <p>
      Edit 
      <code>
        src/Home.jsx
      </code>
       and save to reload.
    </p>
    <a
      class="link"
      href="https://reactjs.org"
      rel="noopener noreferrer"
      target="_blank"
    >
      Learn React
    </a>
  </main>
</div>
`;
